// Jest Snapshot v1, https://goo.gl/fbAQLP

exports[`Pruebas en el <CounterApp /> debe de hacer match con el snapshot 1`] = `
<div>
  <div
    class="mainContent"
  >
    <h1>
      Counter
    </h1>
    <h2>
      Counter: 
      10
    </h2>
    <button>
      +1
    </button>
    <button>
      -1
    </button>
    <button>
      reset
    </button>
  </div>
</div>
`;
